// Jest Snapshot v1, https://goo.gl/fbAQLP

exports[`TimelineItemsList should render correctly 1`] = `null`;
