// Jest Snapshot v1, https://goo.gl/fbAQLP

exports[`TimelineItem should render correctly 1`] = `null`;
